-- DEBUG: const 0 ~> even ∧ [0;0]
tests/30_disjunctions_intervals/0101_decl.c:3.2-12: [ x in even ∧ [0;0] ]
stat trace: tests/30_disjunctions_intervals/0101_decl.c:3.2-12: [ x in even ∧ [0;0] ]
stat trace: tests/30_disjunctions_intervals/0101_decl.c:1.0-4.1: [ ]
analysis ended
