tests/30_disjunctions_intervals/0111_rand.c:4.2-11: { [ x in [1;5] ] }
analysis ended