tests/30_disjunctions_intervals/0112_rand_empty.c:4.2-11: { âŠ¥ }
analysis ended