tests/30_disjunctions_intervals/0201_if_neg.c:9.2-12: { [ x in [-20;-10], y in [1;1], z in [-10;-5] ] }, { [ x in [10;20], y in [0;0], z in [5;10] ] }
analysis ended