tests/30_disjunctions_intervals/0402_loop_infinite.c:5.4-13: { [ x in [0;0] ] }
tests/30_disjunctions_intervals/0402_loop_infinite.c:5.4-13: { [ x in [-âˆž;0] ] }
analysis ended