tests/30_extension/0105_init.c:6.2-12: { [ x in [2;2], y in [1;1] ] }
analysis ended