tests/30_extension/0112_rand_empty.c:4.2-11: { âŠ¥ }
analysis ended