tests/30_extension/0202_if_add_sub.c:10.2-12: { âŠ¥ }, { [ x in [10;25], y in [0;5], z in [4;10] ] }
analysis ended