tests/30_extension/0203_if_add_sub.c:10.2-12: { [ x in [-14;-1], y in [6;10], z in [-100;-7] ] }, { [ x in [10;25], y in [0;5], z in [4;10] ] }, { [ x in [0;0], y in [6;10], z in [0;0] ] }
analysis ended