tests/30_extension/0301_assert_false.c:5.2-17: ERROR: assertion failure
tests/30_extension/0301_assert_false.c:6.2-11: { [ x in [-10;-9] ] }, { [ x in [2;4] ] }
analysis ended