tests/30_extension/0401_loop.c:5.4-13: { [ x in [0;0] ] }
tests/30_extension/0401_loop.c:5.4-13: { [ x in [0;9] ] }
analysis ended
